✅ Users loaded from file
✅ Products loaded from file
✅ Orders loaded from file

╔══════════════════════════════════════════════════════════════════════════════╗
║   Restaurant POS Server Running                                            ║
║   Port: 3000                                                                ║
║   API Base: http://localhost:3000/api                                      ║
║                                                                              ║
║   Authentication:                                                           ║
║   POST   /api/signup/send-otp                                                ║
║   POST   /api/signup/verify-otp                                              ║
║   POST   /api/login/send-otp                                                 ║
║   POST   /api/login/verify-otp                                               ║
║                                                                              ║
║   Products:                                                                 ║
║   GET    /api/products                                                       ║
║   GET    /api/products/:id                                                    ║
║   POST   /api/products (admin)                                               ║
║   PUT    /api/products/:id (admin)                                           ║
║   DELETE /api/products/:id (admin)                                           ║
║                                                                              ║
║   Orders:                                                                   ║
║   GET    /api/orders                                                         ║
║   GET    /api/orders/history                                                  ║
║   GET    /api/orders/:id                                                      ║
║   POST   /api/orders                                                         ║
║   PUT    /api/orders/:id/status                                              ║
║                                                                              ║
║   Reports:                                                                  ║
║   GET    /api/reports/sales                                                  ║
║   GET    /api/reports/products                                               ║
║                                                                              ║
║   Utility:                                                                  ║
║   GET    /api/health                                                         ║
║   GET    /api/users (testing only)                                           ║
╚══════════════════════════════════════════════════════════════════════════════╝
    
✅ Login OTP for 1234567890: 537317
✅ User logged in: michael
 Token received: eyJ1c2VySWQiOjE3NzY1...
✅ Token decoded: {
  userId: 1776589402270,
  username: 'michael',
  phone: '1234567890',
  role: 'admin',
  iat: 1777035005779
}
✅ User found: michael
 Token received: eyJ1c2VySWQiOjE3NzY1...
✅ Token decoded: {
  userId: 1776589402270,
  username: 'michael',
  phone: '1234567890',
  role: 'admin',
  iat: 1777035005779
}
✅ User found: michael
 Token received: eyJ1c2VySWQiOjE3NzY1...
✅ Token decoded: {
  userId: 1776589402270,
  username: 'michael',
  phone: '1234567890',
  role: 'admin',
  iat: 1777035005779
}
✅ User found: michael
 Token received: eyJ1c2VySWQiOjE3NzY1...
✅ Token decoded: {
  userId: 1776589402270,
  username: 'michael',
  phone: '1234567890',
  role: 'admin',
  iat: 1777035005779
}
✅ User found: michael
 Token received: eyJ1c2VySWQiOjE3NzY1...
✅ Token decoded: {
  userId: 1776589402270,
  username: 'michael',
  phone: '1234567890',
  role: 'admin',
  iat: 1777035005779
}
✅ User found: michael
 Token received: eyJ1c2VySWQiOjE3NzY1...
✅ Token decoded: {
  userId: 1776589402270,
  username: 'michael',
  phone: '1234567890',
  role: 'admin',
  iat: 1777035005779
}
✅ User found: michael
 Token received: eyJ1c2VySWQiOjE3NzY1...
✅ Token decoded: {
  userId: 1776589402270,
  username: 'michael',
  phone: '1234567890',
  role: 'admin',
  iat: 1777035005779
}
✅ User found: michael
 Token received: eyJ1c2VySWQiOjE3NzY1...
✅ Token decoded: {
  userId: 1776589402270,
  username: 'michael',
  phone: '1234567890',
  role: 'admin',
  iat: 1777035005779
}
✅ User found: michael
 Token received: eyJ1c2VySWQiOjE3NzY1...
✅ Token decoded: {
  userId: 1776589402270,
  username: 'michael',
  phone: '1234567890',
  role: 'admin',
  iat: 1777035005779
}
✅ User found: michael
 Token received: eyJ1c2VySWQiOjE3NzY1...
✅ Token decoded: {
  userId: 1776589402270,
  username: 'michael',
  phone: '1234567890',
  role: 'admin',
  iat: 1777035005779
}
✅ User found: michael
 Token received: eyJ1c2VySWQiOjE3NzY1...
✅ Token decoded: {
  userId: 1776589402270,
  username: 'michael',
  phone: '1234567890',
  role: 'admin',
  iat: 1777035005779
}
✅ User found: michael
 Token received: eyJ1c2VySWQiOjE3NzY1...
✅ Token decoded: {
  userId: 1776589402270,
  username: 'michael',
  phone: '1234567890',
  role: 'admin',
  iat: 1777035005779
}
✅ User found: michael
 Token received: eyJ1c2VySWQiOjE3NzY1...
✅ Token decoded: {
  userId: 1776589402270,
  username: 'michael',
  phone: '1234567890',
  role: 'admin',
  iat: 1777035005779
}
✅ User found: michael
✅ Login OTP for 1234567890: 230045
✅ User logged in: michael
 Token received: eyJ1c2VySWQiOjE3NzY1...
✅ Token decoded: {
  userId: 1776589402270,
  username: 'michael',
  phone: '1234567890',
  role: 'admin',
  iat: 1777037095132
}
✅ User found: michael
✅ Signup OTP for 9876543210: 441686
✅ User created: {
  id: 1777037138380,
  username: 'jack',
  phone: '9876543210',
  role: 'customer',
  createdAt: '2026-04-24T13:25:38.380Z'
}
✅ Login OTP for 9876543210: 608624
✅ User logged in: jack
✅ Login OTP for 1234567890: 632692
✅ User logged in: michael
 Token received: eyJ1c2VySWQiOjE3NzY1...
✅ Token decoded: {
  userId: 1776589402270,
  username: 'michael',
  phone: '1234567890',
  role: 'admin',
  iat: 1777037237181
}
✅ User found: michael
